STAFF MEMBER: mithilesh
-------------------------
STAFF MEMBER: madhuri
-------------------------
STAFF MEMBER: manju
-------------------------
STAFF MEMBER: nirmala
-------------------------
STAFF MEMBER: rashida
-------------------------
	Invalid date 7/72009: 1.1,Husna Bano,Md. Abdul,E-3538,23.06.2009,IGP,5000,900,50,7.72009,8,800,160,960,42,4200,740,4940,
STAFF MEMBER: usha
-------------------------
STAFF MEMBER: shabnam
-------------------------
